[2024-02-09T16:31:38.355+0000][0.009s] Heap region size: 1M
[2024-02-09T16:31:38.476+0000][0.130s] Using G1
[2024-02-09T16:31:38.476+0000][0.130s] Heap address: 0x0000000740000000, size: 3072 MB, Compressed Oops mode: Zero based, Oop shift amount: 3
[2024-02-09T16:31:38.477+0000][0.130s] Mark closed archive regions in map: [0x00000007fff00000, 0x00000007fff6bff8]
[2024-02-09T16:31:38.477+0000][0.130s] Mark open archive regions in map: [0x00000007ffe00000, 0x00000007ffe47ff8]
[2024-02-09T16:31:40.907+0000][2.562s] GC(0) Pause Young (Concurrent Start) (Metadata GC Threshold)
[2024-02-09T16:31:40.911+0000][2.565s] GC(0) Using 13 workers of 13 for evacuation
[2024-02-09T16:31:40.970+0000][2.625s] GC(0)   Pre Evacuate Collection Set: 0.2ms
[2024-02-09T16:31:40.971+0000][2.625s] GC(0)   Evacuate Collection Set: 21.6ms
[2024-02-09T16:31:40.971+0000][2.625s] GC(0)   Post Evacuate Collection Set: 29.6ms
[2024-02-09T16:31:40.973+0000][2.627s] GC(0)   Other: 11.1ms
[2024-02-09T16:31:40.974+0000][2.628s] GC(0) Eden regions: 117->0(133)
[2024-02-09T16:31:40.974+0000][2.628s] GC(0) Survivor regions: 0->20(20)
[2024-02-09T16:31:40.974+0000][2.628s] GC(0) Old regions: 2->2
[2024-02-09T16:31:40.974+0000][2.628s] GC(0) Humongous regions: 4->4
[2024-02-09T16:31:40.975+0000][2.628s] GC(0) Metaspace: 20498K(21296K)->20498K(21296K) NonClass: 18120K(18608K)->18120K(18608K) Class: 2378K(2688K)->2378K(2688K)
[2024-02-09T16:31:40.978+0000][2.632s] GC(0) Pause Young (Concurrent Start) (Metadata GC Threshold) 121M->23M(3072M) 70.341ms
[2024-02-09T16:31:40.978+0000][2.632s] GC(0) User=0.10s Sys=0.08s Real=0.08s
[2024-02-09T16:31:40.978+0000][2.632s] GC(1) Concurrent Cycle
[2024-02-09T16:31:40.980+0000][2.633s] GC(1) Concurrent Clear Claimed Marks
[2024-02-09T16:31:40.980+0000][2.634s] GC(1) Concurrent Clear Claimed Marks 1.533ms
[2024-02-09T16:31:40.980+0000][2.634s] GC(1) Concurrent Scan Root Regions
[2024-02-09T16:31:40.989+0000][2.643s] GC(1) Concurrent Scan Root Regions 8.686ms
[2024-02-09T16:31:40.989+0000][2.643s] GC(1) Concurrent Mark (2.643s)
[2024-02-09T16:31:40.989+0000][2.643s] GC(1) Concurrent Mark From Roots
[2024-02-09T16:31:40.990+0000][2.644s] GC(1) Using 3 workers of 3 for marking
[2024-02-09T16:31:40.994+0000][2.647s] GC(1) Concurrent Mark From Roots 4.220ms
[2024-02-09T16:31:40.994+0000][2.647s] GC(1) Concurrent Preclean
[2024-02-09T16:31:40.994+0000][2.648s] GC(1) Concurrent Preclean 0.514ms
[2024-02-09T16:31:40.994+0000][2.648s] GC(1) Concurrent Mark (2.643s, 2.648s) 4.870ms
[2024-02-09T16:31:41.002+0000][2.656s] GC(1) Pause Remark
[2024-02-09T16:31:41.028+0000][2.682s] GC(1) Cleaned string and symbol table, strings: 8807 processed, 0 removed, symbols: 59209 processed, 31 removed
[2024-02-09T16:31:41.038+0000][2.691s] GC(1) Pause Remark 24M->24M(3072M) 34.328ms
[2024-02-09T16:31:41.038+0000][2.692s] GC(1) User=0.04s Sys=0.01s Real=0.04s
[2024-02-09T16:31:41.045+0000][2.698s] GC(1) Concurrent Rebuild Remembered Sets
[2024-02-09T16:31:41.056+0000][2.710s] GC(1) Concurrent Rebuild Remembered Sets 11.695ms
[2024-02-09T16:31:41.062+0000][2.715s] GC(1) Pause Cleanup
[2024-02-09T16:31:41.066+0000][2.720s] GC(1) Pause Cleanup 24M->24M(3072M) 3.049ms
[2024-02-09T16:31:41.066+0000][2.720s] GC(1) User=0.00s Sys=0.00s Real=0.00s
[2024-02-09T16:31:41.066+0000][2.720s] GC(1) Concurrent Cleanup for Next Mark
[2024-02-09T16:31:41.138+0000][2.793s] GC(1) Concurrent Cleanup for Next Mark 68.779ms
[2024-02-09T16:31:41.142+0000][2.795s] GC(1) Concurrent Cycle 163.115ms
[2024-02-09T16:32:39.990+0000][61.644s] GC(2) Pause Young (Normal) (G1 Evacuation Pause)
[2024-02-09T16:32:39.992+0000][61.645s] GC(2) Using 13 workers of 13 for evacuation
[2024-02-09T16:32:40.032+0000][61.686s] GC(2)   Pre Evacuate Collection Set: 1.6ms
[2024-02-09T16:32:40.032+0000][61.686s] GC(2)   Evacuate Collection Set: 33.6ms
[2024-02-09T16:32:40.032+0000][61.686s] GC(2)   Post Evacuate Collection Set: 3.8ms
[2024-02-09T16:32:40.032+0000][61.686s] GC(2)   Other: 4.5ms
[2024-02-09T16:32:40.033+0000][61.686s] GC(2) Eden regions: 133->0(142)
[2024-02-09T16:32:40.033+0000][61.686s] GC(2) Survivor regions: 20->11(20)
[2024-02-09T16:32:40.033+0000][61.686s] GC(2) Old regions: 2->21
[2024-02-09T16:32:40.033+0000][61.686s] GC(2) Humongous regions: 10->5
[2024-02-09T16:32:40.033+0000][61.686s] GC(2) Metaspace: 34175K(35248K)->34175K(35248K) NonClass: 30250K(30896K)->30250K(30896K) Class: 3924K(4352K)->3924K(4352K)
[2024-02-09T16:32:40.033+0000][61.687s] GC(2) Pause Young (Normal) (G1 Evacuation Pause) 162M->34M(3072M) 43.370ms
[2024-02-09T16:32:40.033+0000][61.687s] GC(2) User=0.38s Sys=0.02s Real=0.04s
[2024-02-09T16:32:40.128+0000][61.782s] GC(3) Pause Young (Concurrent Start) (Metadata GC Threshold)
[2024-02-09T16:32:40.128+0000][61.782s] GC(3) Using 13 workers of 13 for evacuation
[2024-02-09T16:32:40.151+0000][61.805s] GC(3)   Pre Evacuate Collection Set: 0.2ms
[2024-02-09T16:32:40.151+0000][61.805s] GC(3)   Evacuate Collection Set: 18.7ms
[2024-02-09T16:32:40.151+0000][61.805s] GC(3)   Post Evacuate Collection Set: 0.7ms
[2024-02-09T16:32:40.151+0000][61.805s] GC(3)   Other: 3.4ms
[2024-02-09T16:32:40.151+0000][61.805s] GC(3) Eden regions: 12->0(1264)
[2024-02-09T16:32:40.151+0000][61.805s] GC(3) Survivor regions: 11->10(20)
[2024-02-09T16:32:40.151+0000][61.805s] GC(3) Old regions: 21->21
[2024-02-09T16:32:40.151+0000][61.805s] GC(3) Humongous regions: 5->5
[2024-02-09T16:32:40.151+0000][61.805s] GC(3) Metaspace: 34848K(35888K)->34848K(35888K) NonClass: 30849K(31408K)->30849K(31408K) Class: 3998K(4480K)->3998K(4480K)
[2024-02-09T16:32:40.151+0000][61.805s] GC(3) Pause Young (Concurrent Start) (Metadata GC Threshold) 45M->34M(3072M) 22.791ms
[2024-02-09T16:32:40.151+0000][61.805s] GC(3) User=0.05s Sys=0.03s Real=0.02s
[2024-02-09T16:32:40.152+0000][61.806s] GC(4) Concurrent Cycle
[2024-02-09T16:32:40.152+0000][61.806s] GC(4) Concurrent Clear Claimed Marks
[2024-02-09T16:32:40.152+0000][61.806s] GC(4) Concurrent Clear Claimed Marks 0.154ms
[2024-02-09T16:32:40.152+0000][61.806s] GC(4) Concurrent Scan Root Regions
[2024-02-09T16:32:40.157+0000][61.810s] GC(4) Concurrent Scan Root Regions 4.729ms
[2024-02-09T16:32:40.157+0000][61.811s] GC(4) Concurrent Mark (61.811s)
[2024-02-09T16:32:40.157+0000][61.811s] GC(4) Concurrent Mark From Roots
[2024-02-09T16:32:40.157+0000][61.811s] GC(4) Using 3 workers of 3 for marking
[2024-02-09T16:32:40.172+0000][61.826s] GC(4) Concurrent Mark From Roots 15.008ms
[2024-02-09T16:32:40.172+0000][61.826s] GC(4) Concurrent Preclean
[2024-02-09T16:32:40.172+0000][61.826s] GC(4) Concurrent Preclean 0.279ms
[2024-02-09T16:32:40.172+0000][61.826s] GC(4) Concurrent Mark (61.811s, 61.826s) 15.448ms
[2024-02-09T16:32:40.176+0000][61.829s] GC(4) Pause Remark
[2024-02-09T16:32:40.209+0000][61.862s] GC(4) Cleaned string and symbol table, strings: 14465 processed, 27 removed, symbols: 102652 processed, 60 removed
[2024-02-09T16:32:40.229+0000][61.882s] GC(4) Pause Remark 38M->38M(3072M) 52.742ms
[2024-02-09T16:32:40.229+0000][61.882s] GC(4) User=0.11s Sys=0.00s Real=0.06s
[2024-02-09T16:32:40.229+0000][61.883s] GC(4) Concurrent Rebuild Remembered Sets
[2024-02-09T16:32:40.233+0000][61.887s] GC(4) Concurrent Rebuild Remembered Sets 4.526ms
[2024-02-09T16:32:40.234+0000][61.888s] GC(4) Pause Cleanup
[2024-02-09T16:32:40.235+0000][61.888s] GC(4) Pause Cleanup 39M->39M(3072M) 0.640ms
[2024-02-09T16:32:40.235+0000][61.888s] GC(4) User=0.00s Sys=0.00s Real=0.00s
[2024-02-09T16:32:40.235+0000][61.888s] GC(4) Concurrent Cleanup for Next Mark
[2024-02-09T16:32:40.242+0000][61.895s] GC(4) Concurrent Cleanup for Next Mark 6.781ms
[2024-02-09T16:32:40.242+0000][61.895s] GC(4) Concurrent Cycle 89.725ms
[2024-02-09T16:47:09.444+0000][931.098s] GC(5) Pause Young (Normal) (G1 Evacuation Pause)
[2024-02-09T16:47:09.445+0000][931.099s] GC(5) Using 13 workers of 13 for evacuation
[2024-02-09T16:47:09.539+0000][931.193s] GC(5)   Pre Evacuate Collection Set: 14.5ms
[2024-02-09T16:47:09.539+0000][931.193s] GC(5)   Evacuate Collection Set: 38.7ms
[2024-02-09T16:47:09.539+0000][931.193s] GC(5)   Post Evacuate Collection Set: 40.3ms
[2024-02-09T16:47:09.539+0000][931.193s] GC(5)   Other: 1.8ms
[2024-02-09T16:47:09.539+0000][931.193s] GC(5) Eden regions: 1109->0(758)
[2024-02-09T16:47:09.539+0000][931.193s] GC(5) Survivor regions: 10->37(140)
[2024-02-09T16:47:09.539+0000][931.193s] GC(5) Old regions: 21->21
[2024-02-09T16:47:09.539+0000][931.193s] GC(5) Humongous regions: 13->8
[2024-02-09T16:47:09.539+0000][931.193s] GC(5) Metaspace: 57334K(59696K)->57334K(59696K) NonClass: 50702K(52144K)->50702K(52144K) Class: 6632K(7552K)->6632K(7552K)
[2024-02-09T16:47:09.540+0000][931.193s] GC(5) Pause Young (Normal) (G1 Evacuation Pause) 1151M->64M(3072M) 95.681ms
[2024-02-09T16:47:09.540+0000][931.193s] GC(5) User=0.42s Sys=0.11s Real=0.10s
[2024-02-09T17:04:13.550+0000][1955.205s] GC(6) Pause Young (Normal) (G1 Evacuation Pause)
[2024-02-09T17:04:13.553+0000][1955.206s] GC(6) Using 13 workers of 13 for evacuation
[2024-02-09T17:04:13.572+0000][1955.226s] GC(6)   Pre Evacuate Collection Set: 1.2ms
[2024-02-09T17:04:13.573+0000][1955.226s] GC(6)   Evacuate Collection Set: 13.1ms
[2024-02-09T17:04:13.573+0000][1955.226s] GC(6)   Post Evacuate Collection Set: 4.8ms
[2024-02-09T17:04:13.573+0000][1955.226s] GC(6)   Other: 3.5ms
[2024-02-09T17:04:13.573+0000][1955.226s] GC(6) Eden regions: 758->0(769)
[2024-02-09T17:04:13.573+0000][1955.226s] GC(6) Survivor regions: 37->39(100)
[2024-02-09T17:04:13.573+0000][1955.226s] GC(6) Old regions: 21->21
[2024-02-09T17:04:13.573+0000][1955.226s] GC(6) Humongous regions: 8->8
[2024-02-09T17:04:13.573+0000][1955.226s] GC(6) Metaspace: 57801K(59952K)->57801K(59952K) NonClass: 51167K(52400K)->51167K(52400K) Class: 6633K(7552K)->6633K(7552K)
[2024-02-09T17:04:13.573+0000][1955.227s] GC(6) Pause Young (Normal) (G1 Evacuation Pause) 822M->66M(3072M) 23.097ms
[2024-02-09T17:04:13.573+0000][1955.227s] GC(6) User=0.17s Sys=0.01s Real=0.02s
[2024-02-09T17:19:16.505+0000][2858.159s] GC(7) Pause Young (Concurrent Start) (Metadata GC Threshold)
[2024-02-09T17:19:16.507+0000][2858.160s] GC(7) Using 13 workers of 13 for evacuation
[2024-02-09T17:19:16.599+0000][2858.253s] GC(7)   Pre Evacuate Collection Set: 2.0ms
[2024-02-09T17:19:16.600+0000][2858.254s] GC(7)   Evacuate Collection Set: 55.3ms
[2024-02-09T17:19:16.600+0000][2858.254s] GC(7)   Post Evacuate Collection Set: 11.7ms
[2024-02-09T17:19:16.601+0000][2858.254s] GC(7)   Other: 23.2ms
[2024-02-09T17:19:16.601+0000][2858.255s] GC(7) Eden regions: 673->0(839)
[2024-02-09T17:19:16.601+0000][2858.255s] GC(7) Survivor regions: 39->39(101)
[2024-02-09T17:19:16.601+0000][2858.255s] GC(7) Old regions: 21->21
[2024-02-09T17:19:16.601+0000][2858.255s] GC(7) Humongous regions: 8->8
[2024-02-09T17:19:16.602+0000][2858.256s] GC(7) Metaspace: 58093K(60208K)->58093K(60208K) NonClass: 51458K(52656K)->51458K(52656K) Class: 6635K(7552K)->6635K(7552K)
[2024-02-09T17:19:16.606+0000][2858.260s] GC(7) Pause Young (Concurrent Start) (Metadata GC Threshold) 738M->66M(3072M) 100.369ms
[2024-02-09T17:19:16.607+0000][2858.260s] GC(7) User=0.21s Sys=0.01s Real=0.10s
[2024-02-09T17:19:16.608+0000][2858.261s] GC(8) Concurrent Cycle
[2024-02-09T17:19:16.608+0000][2858.261s] GC(8) Concurrent Clear Claimed Marks
[2024-02-09T17:19:16.608+0000][2858.262s] GC(8) Concurrent Clear Claimed Marks 0.398ms
[2024-02-09T17:19:16.608+0000][2858.262s] GC(8) Concurrent Scan Root Regions
[2024-02-09T17:19:16.636+0000][2858.290s] GC(8) Concurrent Scan Root Regions 26.740ms
[2024-02-09T17:19:16.637+0000][2858.290s] GC(8) Concurrent Mark (2858.290s)
[2024-02-09T17:19:16.637+0000][2858.290s] GC(8) Concurrent Mark From Roots
[2024-02-09T17:19:16.637+0000][2858.290s] GC(8) Using 3 workers of 3 for marking
[2024-02-09T17:19:16.701+0000][2858.355s] GC(8) Concurrent Mark From Roots 61.894ms
[2024-02-09T17:19:16.702+0000][2858.355s] GC(8) Concurrent Preclean
[2024-02-09T17:19:16.702+0000][2858.356s] GC(8) Concurrent Preclean 0.499ms
[2024-02-09T17:19:16.702+0000][2858.356s] GC(8) Concurrent Mark (2858.290s, 2858.356s) 65.603ms
[2024-02-09T17:19:16.706+0000][2858.360s] GC(8) Pause Remark
[2024-02-09T17:19:16.737+0000][2858.390s] GC(8) Cleaned string and symbol table, strings: 29938 processed, 0 removed, symbols: 150704 processed, 587 removed
[2024-02-09T17:19:16.740+0000][2858.394s] GC(8) Pause Remark 67M->67M(3072M) 33.580ms
[2024-02-09T17:19:16.740+0000][2858.394s] GC(8) User=0.18s Sys=0.00s Real=0.04s
[2024-02-09T17:19:16.740+0000][2858.394s] GC(8) Concurrent Rebuild Remembered Sets
[2024-02-09T17:19:16.747+0000][2858.400s] GC(8) Concurrent Rebuild Remembered Sets 6.279ms
[2024-02-09T17:19:16.748+0000][2858.401s] GC(8) Pause Cleanup
[2024-02-09T17:19:16.749+0000][2858.402s] GC(8) Pause Cleanup 68M->68M(3072M) 1.083ms
[2024-02-09T17:19:16.749+0000][2858.402s] GC(8) User=0.00s Sys=0.00s Real=0.01s
[2024-02-09T17:19:16.749+0000][2858.403s] GC(8) Concurrent Cleanup for Next Mark
[2024-02-09T17:19:18.100+0000][2859.754s] GC(8) Concurrent Cleanup for Next Mark 1341.635ms
[2024-02-09T17:19:18.101+0000][2859.755s] GC(8) Concurrent Cycle 1494.383ms
