[2024-02-09T17:31:52.769+0000][0.006s] Heap region size: 1M
[2024-02-09T17:31:52.875+0000][0.112s] Using G1
[2024-02-09T17:31:52.875+0000][0.112s] Heap address: 0x0000000740000000, size: 3072 MB, Compressed Oops mode: Zero based, Oop shift amount: 3
[2024-02-09T17:31:52.875+0000][0.112s] Mark closed archive regions in map: [0x00000007fff00000, 0x00000007fff6bff8]
[2024-02-09T17:31:52.875+0000][0.112s] Mark open archive regions in map: [0x00000007ffe00000, 0x00000007ffe47ff8]
[2024-02-09T17:31:55.663+0000][2.900s] GC(0) Pause Young (Concurrent Start) (Metadata GC Threshold)
[2024-02-09T17:31:55.665+0000][2.902s] GC(0) Using 13 workers of 13 for evacuation
[2024-02-09T17:31:55.688+0000][2.925s] GC(0)   Pre Evacuate Collection Set: 0.2ms
[2024-02-09T17:31:55.688+0000][2.925s] GC(0)   Evacuate Collection Set: 17.9ms
[2024-02-09T17:31:55.688+0000][2.925s] GC(0)   Post Evacuate Collection Set: 4.3ms
[2024-02-09T17:31:55.688+0000][2.925s] GC(0)   Other: 2.6ms
[2024-02-09T17:31:55.688+0000][2.925s] GC(0) Eden regions: 117->0(133)
[2024-02-09T17:31:55.688+0000][2.925s] GC(0) Survivor regions: 0->20(20)
[2024-02-09T17:31:55.688+0000][2.925s] GC(0) Old regions: 2->2
[2024-02-09T17:31:55.688+0000][2.925s] GC(0) Humongous regions: 4->4
[2024-02-09T17:31:55.688+0000][2.925s] GC(0) Metaspace: 20491K(21296K)->20491K(21296K) NonClass: 18119K(18608K)->18119K(18608K) Class: 2371K(2688K)->2371K(2688K)
[2024-02-09T17:31:55.688+0000][2.925s] GC(0) Pause Young (Concurrent Start) (Metadata GC Threshold) 121M->23M(3072M) 25.637ms
[2024-02-09T17:31:55.688+0000][2.925s] GC(0) User=0.13s Sys=0.03s Real=0.03s
[2024-02-09T17:31:55.688+0000][2.925s] GC(1) Concurrent Cycle
[2024-02-09T17:31:55.688+0000][2.925s] GC(1) Concurrent Clear Claimed Marks
[2024-02-09T17:31:55.689+0000][2.926s] GC(1) Concurrent Clear Claimed Marks 0.104ms
[2024-02-09T17:31:55.689+0000][2.926s] GC(1) Concurrent Scan Root Regions
[2024-02-09T17:31:55.693+0000][2.929s] GC(1) Concurrent Scan Root Regions 3.899ms
[2024-02-09T17:31:55.693+0000][2.930s] GC(1) Concurrent Mark (2.930s)
[2024-02-09T17:31:55.693+0000][2.930s] GC(1) Concurrent Mark From Roots
[2024-02-09T17:31:55.693+0000][2.930s] GC(1) Using 3 workers of 3 for marking
[2024-02-09T17:31:55.710+0000][2.947s] GC(1) Concurrent Mark From Roots 16.940ms
[2024-02-09T17:31:55.710+0000][2.947s] GC(1) Concurrent Preclean
[2024-02-09T17:31:55.710+0000][2.947s] GC(1) Concurrent Preclean 0.098ms
[2024-02-09T17:31:55.710+0000][2.947s] GC(1) Concurrent Mark (2.930s, 2.947s) 17.165ms
[2024-02-09T17:31:55.710+0000][2.947s] GC(1) Pause Remark
[2024-02-09T17:31:55.714+0000][2.951s] GC(1) Cleaned string and symbol table, strings: 8816 processed, 0 removed, symbols: 59151 processed, 27 removed
[2024-02-09T17:31:55.715+0000][2.952s] GC(1) Pause Remark 24M->24M(3072M) 4.767ms
[2024-02-09T17:31:55.715+0000][2.952s] GC(1) User=0.03s Sys=0.00s Real=0.00s
[2024-02-09T17:31:55.715+0000][2.952s] GC(1) Concurrent Rebuild Remembered Sets
[2024-02-09T17:31:55.716+0000][2.953s] GC(1) Concurrent Rebuild Remembered Sets 1.417ms
[2024-02-09T17:31:55.717+0000][2.954s] GC(1) Pause Cleanup
[2024-02-09T17:31:55.718+0000][2.955s] GC(1) Pause Cleanup 24M->24M(3072M) 0.730ms
[2024-02-09T17:31:55.718+0000][2.955s] GC(1) User=0.00s Sys=0.00s Real=0.01s
[2024-02-09T17:31:55.718+0000][2.955s] GC(1) Concurrent Cleanup for Next Mark
[2024-02-09T17:31:55.724+0000][2.961s] GC(1) Concurrent Cleanup for Next Mark 6.318ms
[2024-02-09T17:31:55.724+0000][2.961s] GC(1) Concurrent Cycle 35.650ms
[2024-02-09T17:31:57.908+0000][5.145s] GC(2) Pause Young (Normal) (G1 Evacuation Pause)
[2024-02-09T17:31:57.908+0000][5.145s] GC(2) Using 13 workers of 13 for evacuation
[2024-02-09T17:31:57.924+0000][5.161s] GC(2)   Pre Evacuate Collection Set: 0.1ms
[2024-02-09T17:31:57.924+0000][5.161s] GC(2)   Evacuate Collection Set: 13.2ms
[2024-02-09T17:31:57.924+0000][5.161s] GC(2)   Post Evacuate Collection Set: 1.9ms
[2024-02-09T17:31:57.924+0000][5.161s] GC(2)   Other: 0.3ms
[2024-02-09T17:31:57.924+0000][5.161s] GC(2) Eden regions: 133->0(146)
[2024-02-09T17:31:57.924+0000][5.161s] GC(2) Survivor regions: 20->7(20)
[2024-02-09T17:31:57.924+0000][5.161s] GC(2) Old regions: 2->21
[2024-02-09T17:31:57.924+0000][5.161s] GC(2) Humongous regions: 4->4
[2024-02-09T17:31:57.924+0000][5.161s] GC(2) Metaspace: 34241K(35248K)->34241K(35248K) NonClass: 30309K(30896K)->30309K(30896K) Class: 3932K(4352K)->3932K(4352K)
[2024-02-09T17:31:57.924+0000][5.161s] GC(2) Pause Young (Normal) (G1 Evacuation Pause) 156M->30M(3072M) 15.716ms
[2024-02-09T17:31:57.924+0000][5.161s] GC(2) User=0.15s Sys=0.03s Real=0.01s
[2024-02-09T17:31:58.120+0000][5.357s] GC(3) Pause Young (Concurrent Start) (Metadata GC Threshold)
[2024-02-09T17:31:58.120+0000][5.357s] GC(3) Using 13 workers of 13 for evacuation
[2024-02-09T17:31:58.127+0000][5.364s] GC(3)   Pre Evacuate Collection Set: 0.2ms
[2024-02-09T17:31:58.128+0000][5.364s] GC(3)   Evacuate Collection Set: 5.4ms
[2024-02-09T17:31:58.128+0000][5.364s] GC(3)   Post Evacuate Collection Set: 0.9ms
[2024-02-09T17:31:58.128+0000][5.364s] GC(3)   Other: 0.5ms
[2024-02-09T17:31:58.128+0000][5.364s] GC(3) Eden regions: 23->0(143)
[2024-02-09T17:31:58.128+0000][5.364s] GC(3) Survivor regions: 7->10(20)
[2024-02-09T17:31:58.128+0000][5.364s] GC(3) Old regions: 21->21
[2024-02-09T17:31:58.128+0000][5.364s] GC(3) Humongous regions: 10->5
[2024-02-09T17:31:58.128+0000][5.364s] GC(3) Metaspace: 34831K(35888K)->34831K(35888K) NonClass: 30837K(31408K)->30837K(31408K) Class: 3993K(4480K)->3993K(4480K)
[2024-02-09T17:31:58.128+0000][5.364s] GC(3) Pause Young (Concurrent Start) (Metadata GC Threshold) 58M->34M(3072M) 7.234ms
[2024-02-09T17:31:58.128+0000][5.364s] GC(3) User=0.03s Sys=0.01s Real=0.00s
[2024-02-09T17:31:58.128+0000][5.364s] GC(4) Concurrent Cycle
[2024-02-09T17:31:58.128+0000][5.365s] GC(4) Concurrent Clear Claimed Marks
[2024-02-09T17:31:58.128+0000][5.365s] GC(4) Concurrent Clear Claimed Marks 0.086ms
[2024-02-09T17:31:58.128+0000][5.365s] GC(4) Concurrent Scan Root Regions
[2024-02-09T17:31:58.130+0000][5.367s] GC(4) Concurrent Scan Root Regions 2.106ms
[2024-02-09T17:31:58.130+0000][5.367s] GC(4) Concurrent Mark (5.367s)
[2024-02-09T17:31:58.130+0000][5.367s] GC(4) Concurrent Mark From Roots
[2024-02-09T17:31:58.130+0000][5.367s] GC(4) Using 3 workers of 3 for marking
[2024-02-09T17:31:58.142+0000][5.379s] GC(4) Concurrent Mark From Roots 11.870ms
[2024-02-09T17:31:58.142+0000][5.379s] GC(4) Concurrent Preclean
[2024-02-09T17:31:58.142+0000][5.379s] GC(4) Concurrent Preclean 0.240ms
[2024-02-09T17:31:58.142+0000][5.379s] GC(4) Concurrent Mark (5.367s, 5.379s) 12.223ms
[2024-02-09T17:31:58.143+0000][5.379s] GC(4) Pause Remark
[2024-02-09T17:31:58.149+0000][5.386s] GC(4) Cleaned string and symbol table, strings: 14479 processed, 27 removed, symbols: 102455 processed, 60 removed
[2024-02-09T17:31:58.149+0000][5.386s] GC(4) Pause Remark 35M->35M(3072M) 6.866ms
[2024-02-09T17:31:58.149+0000][5.386s] GC(4) User=0.07s Sys=0.00s Real=0.01s
[2024-02-09T17:31:58.150+0000][5.386s] GC(4) Concurrent Rebuild Remembered Sets
[2024-02-09T17:31:58.156+0000][5.393s] GC(4) Concurrent Rebuild Remembered Sets 6.247ms
[2024-02-09T17:31:58.156+0000][5.393s] GC(4) Pause Cleanup
[2024-02-09T17:31:58.157+0000][5.393s] GC(4) Pause Cleanup 36M->36M(3072M) 0.453ms
[2024-02-09T17:31:58.157+0000][5.394s] GC(4) User=0.00s Sys=0.00s Real=0.00s
[2024-02-09T17:31:58.157+0000][5.394s] GC(4) Concurrent Cleanup for Next Mark
[2024-02-09T17:31:58.162+0000][5.399s] GC(4) Concurrent Cleanup for Next Mark 5.234ms
[2024-02-09T17:31:58.162+0000][5.399s] GC(4) Concurrent Cycle 34.445ms
[2024-02-09T17:32:00.180+0000][7.417s] GC(5) Pause Young (Normal) (G1 Evacuation Pause)
[2024-02-09T17:32:00.180+0000][7.417s] GC(5) Using 13 workers of 13 for evacuation
[2024-02-09T17:32:00.188+0000][7.425s] GC(5)   Pre Evacuate Collection Set: 0.1ms
[2024-02-09T17:32:00.188+0000][7.425s] GC(5)   Evacuate Collection Set: 5.6ms
[2024-02-09T17:32:00.188+0000][7.425s] GC(5)   Post Evacuate Collection Set: 2.2ms
[2024-02-09T17:32:00.188+0000][7.425s] GC(5)   Other: 0.3ms
[2024-02-09T17:32:00.188+0000][7.425s] GC(5) Eden regions: 143->0(168)
[2024-02-09T17:32:00.188+0000][7.425s] GC(5) Survivor regions: 10->14(20)
[2024-02-09T17:32:00.188+0000][7.425s] GC(5) Old regions: 21->21
[2024-02-09T17:32:00.188+0000][7.425s] GC(5) Humongous regions: 6->5
[2024-02-09T17:32:00.188+0000][7.425s] GC(5) Metaspace: 42303K(43952K)->42303K(43952K) NonClass: 37281K(38320K)->37281K(38320K) Class: 5022K(5632K)->5022K(5632K)
[2024-02-09T17:32:00.188+0000][7.425s] GC(5) Pause Young (Normal) (G1 Evacuation Pause) 178M->37M(3072M) 8.266ms
[2024-02-09T17:32:00.188+0000][7.425s] GC(5) User=0.06s Sys=0.01s Real=0.01s
[2024-02-09T17:32:00.903+0000][8.140s] GC(6) Pause Young (Normal) (G1 Evacuation Pause)
[2024-02-09T17:32:00.904+0000][8.140s] GC(6) Using 13 workers of 13 for evacuation
[2024-02-09T17:32:00.916+0000][8.153s] GC(6)   Pre Evacuate Collection Set: 0.1ms
[2024-02-09T17:32:00.916+0000][8.153s] GC(6)   Evacuate Collection Set: 9.8ms
[2024-02-09T17:32:00.916+0000][8.153s] GC(6)   Post Evacuate Collection Set: 2.1ms
[2024-02-09T17:32:00.916+0000][8.153s] GC(6)   Other: 0.4ms
[2024-02-09T17:32:00.916+0000][8.153s] GC(6) Eden regions: 168->0(297)
[2024-02-09T17:32:00.916+0000][8.153s] GC(6) Survivor regions: 14->18(23)
[2024-02-09T17:32:00.916+0000][8.153s] GC(6) Old regions: 21->26
[2024-02-09T17:32:00.916+0000][8.153s] GC(6) Humongous regions: 8->5
[2024-02-09T17:32:00.916+0000][8.153s] GC(6) Metaspace: 46600K(48560K)->46600K(48560K) NonClass: 40970K(42160K)->40970K(42160K) Class: 5630K(6400K)->5630K(6400K)
[2024-02-09T17:32:00.916+0000][8.153s] GC(6) Pause Young (Normal) (G1 Evacuation Pause) 208M->47M(3072M) 12.462ms
[2024-02-09T17:32:00.916+0000][8.153s] GC(6) User=0.11s Sys=0.02s Real=0.01s
[2024-02-09T17:35:02.662+0000][189.905s] GC(7) Pause Young (Normal) (G1 Evacuation Pause)
[2024-02-09T17:35:02.662+0000][189.905s] GC(7) Using 13 workers of 13 for evacuation
[2024-02-09T17:35:02.703+0000][189.946s] GC(7)   Pre Evacuate Collection Set: 1.2ms
[2024-02-09T17:35:02.703+0000][189.946s] GC(7)   Evacuate Collection Set: 35.0ms
[2024-02-09T17:35:02.703+0000][189.946s] GC(7)   Post Evacuate Collection Set: 3.8ms
[2024-02-09T17:35:02.703+0000][189.946s] GC(7)   Other: 1.2ms
[2024-02-09T17:35:02.703+0000][189.946s] GC(7) Eden regions: 297->0(400)
[2024-02-09T17:35:02.703+0000][189.946s] GC(7) Survivor regions: 18->32(40)
[2024-02-09T17:35:02.703+0000][189.946s] GC(7) Old regions: 26->26
[2024-02-09T17:35:02.703+0000][189.946s] GC(7) Humongous regions: 9->8
[2024-02-09T17:35:02.703+0000][189.946s] GC(7) Metaspace: 55766K(57776K)->55766K(57776K) NonClass: 49200K(50352K)->49200K(50352K) Class: 6566K(7424K)->6566K(7424K)
[2024-02-09T17:35:02.703+0000][189.946s] GC(7) Pause Young (Normal) (G1 Evacuation Pause) 348M->63M(3072M) 41.397ms
[2024-02-09T17:35:02.703+0000][189.946s] GC(7) User=0.18s Sys=0.10s Real=0.04s
[2024-02-09T18:00:02.404+0000][1689.680s] GC(8) Pause Young (Normal) (G1 Evacuation Pause)
[2024-02-09T18:00:02.405+0000][1689.680s] GC(8) Using 13 workers of 13 for evacuation
[2024-02-09T18:00:02.456+0000][1689.732s] GC(8)   Pre Evacuate Collection Set: 1.4ms
[2024-02-09T18:00:02.456+0000][1689.732s] GC(8)   Evacuate Collection Set: 43.4ms
[2024-02-09T18:00:02.456+0000][1689.732s] GC(8)   Post Evacuate Collection Set: 5.9ms
[2024-02-09T18:00:02.456+0000][1689.732s] GC(8)   Other: 1.6ms
[2024-02-09T18:00:02.456+0000][1689.732s] GC(8) Eden regions: 394->0(594)
[2024-02-09T18:00:02.456+0000][1689.732s] GC(8) Survivor regions: 32->30(54)
[2024-02-09T18:00:02.456+0000][1689.732s] GC(8) Old regions: 26->31
[2024-02-09T18:00:02.456+0000][1689.732s] GC(8) Humongous regions: 8->8
[2024-02-09T18:00:02.457+0000][1689.732s] GC(8) Metaspace: 57166K(59312K)->57166K(59312K) NonClass: 50596K(51888K)->50596K(51888K) Class: 6569K(7424K)->6569K(7424K)
[2024-02-09T18:00:02.457+0000][1689.732s] GC(8) Pause Young (Normal) (G1 Evacuation Pause) 457M->66M(3072M) 52.494ms
[2024-02-09T18:00:02.457+0000][1689.732s] GC(8) User=0.38s Sys=0.01s Real=0.05s
[2024-02-12T09:42:01.965+0000][4780.756s] GC(9) Pause Young (Normal) (G1 Evacuation Pause)
[2024-02-12T09:42:01.968+0000][4780.758s] GC(9) Using 13 workers of 13 for evacuation
[2024-02-12T09:42:02.276+0000][4781.066s] GC(9) MMU target violated: 251.0ms (250.0ms/251.0ms)
[2024-02-12T09:42:02.276+0000][4781.066s] GC(9)   Pre Evacuate Collection Set: 193.8ms
[2024-02-12T09:42:02.276+0000][4781.066s] GC(9)   Evacuate Collection Set: 97.1ms
[2024-02-12T09:42:02.276+0000][4781.066s] GC(9)   Post Evacuate Collection Set: 11.9ms
[2024-02-12T09:42:02.276+0000][4781.066s] GC(9)   Other: 8.1ms
[2024-02-12T09:42:02.278+0000][4781.068s] GC(9) Eden regions: 594->0(612)
[2024-02-12T09:42:02.278+0000][4781.068s] GC(9) Survivor regions: 30->30(78)
[2024-02-12T09:42:02.278+0000][4781.068s] GC(9) Old regions: 31->31
[2024-02-12T09:42:02.278+0000][4781.068s] GC(9) Humongous regions: 8->8
[2024-02-12T09:42:02.278+0000][4781.068s] GC(9) Metaspace: 57959K(60208K)->57959K(60208K) NonClass: 51349K(52656K)->51349K(52656K) Class: 6609K(7552K)->6609K(7552K)
[2024-02-12T09:42:02.279+0000][4781.069s] GC(9) Pause Young (Normal) (G1 Evacuation Pause) 660M->66M(3072M) 313.206ms
[2024-02-12T09:42:02.279+0000][4781.069s] GC(9) User=1.23s Sys=0.01s Real=0.31s
