[2024-02-09T11:39:01.892+0000][0.010s] Heap region size: 1M
[2024-02-09T11:39:01.998+0000][0.116s] Using G1
[2024-02-09T11:39:01.998+0000][0.117s] Heap address: 0x0000000740000000, size: 3072 MB, Compressed Oops mode: Zero based, Oop shift amount: 3
[2024-02-09T11:39:01.998+0000][0.117s] Mark closed archive regions in map: [0x00000007fff00000, 0x00000007fff6bff8]
[2024-02-09T11:39:01.998+0000][0.117s] Mark open archive regions in map: [0x00000007ffe00000, 0x00000007ffe47ff8]
[2024-02-09T11:39:05.497+0000][3.616s] GC(0) Pause Young (Concurrent Start) (Metadata GC Threshold)
[2024-02-09T11:39:05.499+0000][3.618s] GC(0) Using 13 workers of 13 for evacuation
[2024-02-09T11:39:05.527+0000][3.646s] GC(0)   Pre Evacuate Collection Set: 0.1ms
[2024-02-09T11:39:05.527+0000][3.646s] GC(0)   Evacuate Collection Set: 23.5ms
[2024-02-09T11:39:05.527+0000][3.646s] GC(0)   Post Evacuate Collection Set: 3.2ms
[2024-02-09T11:39:05.527+0000][3.646s] GC(0)   Other: 2.3ms
[2024-02-09T11:39:05.527+0000][3.646s] GC(0) Eden regions: 116->0(133)
[2024-02-09T11:39:05.527+0000][3.646s] GC(0) Survivor regions: 0->20(20)
[2024-02-09T11:39:05.527+0000][3.646s] GC(0) Old regions: 2->2
[2024-02-09T11:39:05.527+0000][3.646s] GC(0) Humongous regions: 4->4
[2024-02-09T11:39:05.527+0000][3.646s] GC(0) Metaspace: 20418K(21296K)->20418K(21296K) NonClass: 18051K(18608K)->18051K(18608K) Class: 2367K(2688K)->2367K(2688K)
[2024-02-09T11:39:05.527+0000][3.646s] GC(0) Pause Young (Concurrent Start) (Metadata GC Threshold) 120M->23M(3072M) 29.378ms
[2024-02-09T11:39:05.527+0000][3.646s] GC(0) User=0.16s Sys=0.04s Real=0.03s
[2024-02-09T11:39:05.527+0000][3.646s] GC(1) Concurrent Cycle
[2024-02-09T11:39:05.527+0000][3.646s] GC(1) Concurrent Clear Claimed Marks
[2024-02-09T11:39:05.527+0000][3.646s] GC(1) Concurrent Clear Claimed Marks 0.064ms
[2024-02-09T11:39:05.527+0000][3.646s] GC(1) Concurrent Scan Root Regions
[2024-02-09T11:39:05.532+0000][3.650s] GC(1) Concurrent Scan Root Regions 4.467ms
[2024-02-09T11:39:05.532+0000][3.650s] GC(1) Concurrent Mark (3.650s)
[2024-02-09T11:39:05.532+0000][3.650s] GC(1) Concurrent Mark From Roots
[2024-02-09T11:39:05.532+0000][3.650s] GC(1) Using 3 workers of 3 for marking
[2024-02-09T11:39:05.543+0000][3.661s] GC(1) Concurrent Mark From Roots 10.996ms
[2024-02-09T11:39:05.543+0000][3.662s] GC(1) Concurrent Preclean
[2024-02-09T11:39:05.543+0000][3.662s] GC(1) Concurrent Preclean 0.416ms
[2024-02-09T11:39:05.543+0000][3.662s] GC(1) Concurrent Mark (3.650s, 3.662s) 11.541ms
[2024-02-09T11:39:05.544+0000][3.662s] GC(1) Pause Remark
[2024-02-09T11:39:05.547+0000][3.666s] GC(1) Cleaned string and symbol table, strings: 8813 processed, 0 removed, symbols: 58826 processed, 29 removed
[2024-02-09T11:39:05.548+0000][3.667s] GC(1) Pause Remark 24M->24M(3072M) 4.710ms
[2024-02-09T11:39:05.548+0000][3.667s] GC(1) User=0.01s Sys=0.01s Real=0.01s
[2024-02-09T11:39:05.548+0000][3.667s] GC(1) Concurrent Rebuild Remembered Sets
[2024-02-09T11:39:05.554+0000][3.673s] GC(1) Concurrent Rebuild Remembered Sets 5.672ms
[2024-02-09T11:39:05.555+0000][3.674s] GC(1) Pause Cleanup
[2024-02-09T11:39:05.556+0000][3.675s] GC(1) Pause Cleanup 24M->24M(3072M) 0.824ms
[2024-02-09T11:39:05.556+0000][3.675s] GC(1) User=0.00s Sys=0.00s Real=0.01s
[2024-02-09T11:39:05.556+0000][3.675s] GC(1) Concurrent Cleanup for Next Mark
[2024-02-09T11:39:05.563+0000][3.682s] GC(1) Concurrent Cleanup for Next Mark 6.852ms
[2024-02-09T11:39:05.563+0000][3.682s] GC(1) Concurrent Cycle 35.945ms
[2024-02-09T11:39:07.651+0000][5.770s] GC(2) Pause Young (Normal) (GCLocker Initiated GC)
[2024-02-09T11:39:07.651+0000][5.770s] GC(2) Using 13 workers of 13 for evacuation
[2024-02-09T11:39:07.673+0000][5.791s] GC(2)   Pre Evacuate Collection Set: 0.1ms
[2024-02-09T11:39:07.673+0000][5.791s] GC(2)   Evacuate Collection Set: 17.9ms
[2024-02-09T11:39:07.673+0000][5.791s] GC(2)   Post Evacuate Collection Set: 3.0ms
[2024-02-09T11:39:07.673+0000][5.791s] GC(2)   Other: 0.3ms
[2024-02-09T11:39:07.673+0000][5.791s] GC(2) Eden regions: 134->0(144)
[2024-02-09T11:39:07.673+0000][5.791s] GC(2) Survivor regions: 20->9(20)
[2024-02-09T11:39:07.673+0000][5.792s] GC(2) Old regions: 2->21
[2024-02-09T11:39:07.673+0000][5.792s] GC(2) Humongous regions: 7->4
[2024-02-09T11:39:07.673+0000][5.792s] GC(2) Metaspace: 34140K(35248K)->34140K(35248K) NonClass: 30216K(30896K)->30216K(30896K) Class: 3923K(4352K)->3923K(4352K)
[2024-02-09T11:39:07.673+0000][5.792s] GC(2) Pause Young (Normal) (GCLocker Initiated GC) 160M->32M(3072M) 21.433ms
[2024-02-09T11:39:07.673+0000][5.792s] GC(2) User=0.17s Sys=0.06s Real=0.02s
[2024-02-09T11:39:07.860+0000][5.979s] GC(3) Pause Young (Concurrent Start) (Metadata GC Threshold)
[2024-02-09T11:39:07.860+0000][5.979s] GC(3) Using 13 workers of 13 for evacuation
[2024-02-09T11:39:07.868+0000][5.987s] GC(3)   Pre Evacuate Collection Set: 0.2ms
[2024-02-09T11:39:07.868+0000][5.987s] GC(3)   Evacuate Collection Set: 5.9ms
[2024-02-09T11:39:07.868+0000][5.987s] GC(3)   Post Evacuate Collection Set: 0.8ms
[2024-02-09T11:39:07.868+0000][5.987s] GC(3)   Other: 0.7ms
[2024-02-09T11:39:07.868+0000][5.987s] GC(3) Eden regions: 18->0(521)
[2024-02-09T11:39:07.868+0000][5.987s] GC(3) Survivor regions: 9->10(20)
[2024-02-09T11:39:07.868+0000][5.987s] GC(3) Old regions: 21->21
[2024-02-09T11:39:07.868+0000][5.987s] GC(3) Humongous regions: 7->5
[2024-02-09T11:39:07.868+0000][5.987s] GC(3) Metaspace: 34868K(35888K)->34868K(35888K) NonClass: 30868K(31408K)->30868K(31408K) Class: 4000K(4480K)->4000K(4480K)
[2024-02-09T11:39:07.868+0000][5.987s] GC(3) Pause Young (Concurrent Start) (Metadata GC Threshold) 52M->34M(3072M) 7.783ms
[2024-02-09T11:39:07.868+0000][5.987s] GC(3) User=0.03s Sys=0.00s Real=0.01s
[2024-02-09T11:39:07.868+0000][5.987s] GC(4) Concurrent Cycle
[2024-02-09T11:39:07.868+0000][5.987s] GC(4) Concurrent Clear Claimed Marks
[2024-02-09T11:39:07.868+0000][5.987s] GC(4) Concurrent Clear Claimed Marks 0.040ms
[2024-02-09T11:39:07.868+0000][5.987s] GC(4) Concurrent Scan Root Regions
[2024-02-09T11:39:07.870+0000][5.989s] GC(4) Concurrent Scan Root Regions 1.662ms
[2024-02-09T11:39:07.870+0000][5.989s] GC(4) Concurrent Mark (5.989s)
[2024-02-09T11:39:07.870+0000][5.989s] GC(4) Concurrent Mark From Roots
[2024-02-09T11:39:07.870+0000][5.989s] GC(4) Using 3 workers of 3 for marking
[2024-02-09T11:39:07.883+0000][6.002s] GC(4) Concurrent Mark From Roots 13.333ms
[2024-02-09T11:39:07.883+0000][6.002s] GC(4) Concurrent Preclean
[2024-02-09T11:39:07.883+0000][6.002s] GC(4) Concurrent Preclean 0.230ms
[2024-02-09T11:39:07.883+0000][6.002s] GC(4) Concurrent Mark (5.989s, 6.002s) 13.712ms
[2024-02-09T11:39:07.886+0000][6.004s] GC(4) Pause Remark
[2024-02-09T11:39:07.889+0000][6.008s] GC(4) Cleaned string and symbol table, strings: 14425 processed, 27 removed, symbols: 102608 processed, 60 removed
[2024-02-09T11:39:07.890+0000][6.009s] GC(4) Pause Remark 38M->38M(3072M) 4.194ms
[2024-02-09T11:39:07.890+0000][6.009s] GC(4) User=0.02s Sys=0.01s Real=0.00s
[2024-02-09T11:39:07.890+0000][6.009s] GC(4) Concurrent Rebuild Remembered Sets
[2024-02-09T11:39:07.897+0000][6.015s] GC(4) Concurrent Rebuild Remembered Sets 6.502ms
[2024-02-09T11:39:07.897+0000][6.016s] GC(4) Pause Cleanup
[2024-02-09T11:39:07.898+0000][6.017s] GC(4) Pause Cleanup 40M->40M(3072M) 0.693ms
[2024-02-09T11:39:07.898+0000][6.017s] GC(4) User=0.01s Sys=0.00s Real=0.00s
[2024-02-09T11:39:07.898+0000][6.017s] GC(4) Concurrent Cleanup for Next Mark
[2024-02-09T11:39:07.903+0000][6.021s] GC(4) Concurrent Cleanup for Next Mark 4.680ms
[2024-02-09T11:39:07.903+0000][6.022s] GC(4) Concurrent Cycle 34.723ms
